🚀 Building Salah Times AppImage...
📦 Setting up virtual environment...
📥 Installing dependencies...
Requirement already satisfied: pip in ./venv_appimage/lib/python3.14/site-packages (25.3)
Collecting pip
  Downloading pip-26.1-py3-none-any.whl.metadata (4.6 kB)
Downloading pip-26.1-py3-none-any.whl (1.8 MB)
   ━━━━━━━━━━━━━━━━━━━━━━━━━━━━━━━━━━━━━━━━ 1.8/1.8 MB 68.1 kB/s  0:00:23
Installing collected packages: pip
  Attempting uninstall: pip
    Found existing installation: pip 25.3
    Uninstalling pip-25.3:
      Successfully uninstalled pip-25.3
Successfully installed pip-26.1
WARNING: Cache entry deserialization failed, entry ignored
Collecting PyQt5
  Using cached PyQt5-5.15.11-cp38-abi3-manylinux_2_17_x86_64.whl.metadata (2.1 kB)
WARNING: Cache entry deserialization failed, entry ignored
Collecting requests
  Downloading requests-2.33.1-py3-none-any.whl.metadata (4.8 kB)
WARNING: Cache entry deserialization failed, entry ignored
Collecting beautifulsoup4
  Using cached beautifulsoup4-4.14.3-py3-none-any.whl.metadata (3.8 kB)
WARNING: Cache entry deserialization failed, entry ignored
Collecting pyinstaller
  Downloading pyinstaller-6.20.0-py3-none-manylinux2014_x86_64.whl.metadata (8.5 kB)
WARNING: Cache entry deserialization failed, entry ignored
Collecting PyGObject
  Downloading pygobject-3.56.2.tar.gz (1.4 MB)
     ━━━━━━━━━━━━━━━━━━━━━━━━━━━━━━━━━━━━━━━━ 1.4/1.4 MB 1.2 MB/s  0:00:01
  Installing build dependencies: started
  Installing build dependencies: finished with status 'done'
  Getting requirements to build wheel: started
  Getting requirements to build wheel: finished with status 'done'
  Installing backend dependencies: started
  Installing backend dependencies: finished with status 'done'
  Preparing metadata (pyproject.toml): started
  Preparing metadata (pyproject.toml): finished with status 'done'
Collecting pycairo
  Using cached pycairo-1.29.0-cp314-cp314-linux_x86_64.whl
WARNING: Cache entry deserialization failed, entry ignored
Collecting PyQt5-sip<13,>=12.15 (from PyQt5)
  Using cached pyqt5_sip-12.18.0-cp314-cp314-manylinux_2_5_x86_64.manylinux1_x86_64.whl.metadata (495 bytes)
WARNING: Cache entry deserialization failed, entry ignored
Collecting PyQt5-Qt5<5.16.0,>=5.15.2 (from PyQt5)
  Using cached pyqt5_qt5-5.15.18-py3-none-manylinux2014_x86_64.whl.metadata (536 bytes)
WARNING: Cache entry deserialization failed, entry ignored
Collecting charset_normalizer<4,>=2 (from requests)
  Using cached charset_normalizer-3.4.7-cp314-cp314-manylinux2014_x86_64.manylinux_2_17_x86_64.manylinux_2_28_x86_64.whl.metadata (40 kB)
WARNING: Cache entry deserialization failed, entry ignored
Collecting idna<4,>=2.5 (from requests)
  Using cached idna-3.13-py3-none-any.whl.metadata (8.0 kB)
WARNING: Cache entry deserialization failed, entry ignored
Collecting urllib3<3,>=1.26 (from requests)
  Using cached urllib3-2.6.3-py3-none-any.whl.metadata (6.9 kB)
WARNING: Cache entry deserialization failed, entry ignored
Collecting certifi>=2023.5.7 (from requests)
  Using cached certifi-2026.4.22-py3-none-any.whl.metadata (2.5 kB)
WARNING: Cache entry deserialization failed, entry ignored
Collecting soupsieve>=1.6.1 (from beautifulsoup4)
  Using cached soupsieve-2.8.3-py3-none-any.whl.metadata (4.6 kB)
WARNING: Cache entry deserialization failed, entry ignored
Collecting typing-extensions>=4.0.0 (from beautifulsoup4)
  Using cached typing_extensions-4.15.0-py3-none-any.whl.metadata (3.3 kB)
WARNING: Cache entry deserialization failed, entry ignored
Collecting altgraph (from pyinstaller)
  Using cached altgraph-0.17.5-py2.py3-none-any.whl.metadata (7.5 kB)
Collecting packaging>=22.0 (from pyinstaller)
  Using cached packaging-26.2-py3-none-any.whl.metadata (3.5 kB)
WARNING: Cache entry deserialization failed, entry ignored
Collecting pyinstaller-hooks-contrib>=2026.4 (from pyinstaller)
  Downloading pyinstaller_hooks_contrib-2026.4-py3-none-any.whl.metadata (16 kB)
WARNING: Cache entry deserialization failed, entry ignored
Collecting setuptools>=42.0.0 (from pyinstaller)
  Using cached setuptools-82.0.1-py3-none-any.whl.metadata (6.5 kB)
Using cached PyQt5-5.15.11-cp38-abi3-manylinux_2_17_x86_64.whl (8.2 MB)
Using cached pyqt5_qt5-5.15.18-py3-none-manylinux2014_x86_64.whl (60.9 MB)
Using cached pyqt5_sip-12.18.0-cp314-cp314-manylinux_2_5_x86_64.manylinux1_x86_64.whl (282 kB)
Downloading requests-2.33.1-py3-none-any.whl (64 kB)
Using cached charset_normalizer-3.4.7-cp314-cp314-manylinux2014_x86_64.manylinux_2_17_x86_64.manylinux_2_28_x86_64.whl (215 kB)
Using cached idna-3.13-py3-none-any.whl (68 kB)
Using cached urllib3-2.6.3-py3-none-any.whl (131 kB)
Using cached beautifulsoup4-4.14.3-py3-none-any.whl (107 kB)
Downloading pyinstaller-6.20.0-py3-none-manylinux2014_x86_64.whl (748 kB)
   ━━━━━━━━━━━━━━━━━━━━━━━━━━━━━━━━━━━━━━━━ 748.5/748.5 kB 637.4 kB/s  0:00:00
Using cached certifi-2026.4.22-py3-none-any.whl (135 kB)
Using cached packaging-26.2-py3-none-any.whl (100 kB)
Downloading pyinstaller_hooks_contrib-2026.4-py3-none-any.whl (455 kB)
Using cached setuptools-82.0.1-py3-none-any.whl (1.0 MB)
Using cached soupsieve-2.8.3-py3-none-any.whl (37 kB)
Using cached typing_extensions-4.15.0-py3-none-any.whl (44 kB)
Using cached altgraph-0.17.5-py2.py3-none-any.whl (21 kB)
Building wheels for collected packages: PyGObject
  Building wheel for PyGObject (pyproject.toml): started
  Building wheel for PyGObject (pyproject.toml): finished with status 'done'
  Created wheel for PyGObject: filename=pygobject-3.56.2-cp314-cp314-linux_x86_64.whl size=284317 sha256=f3bf3a345d011a13542152af5dda501a53f147308fb8de8901ddd54d7ef7ec94
  Stored in directory: /home/manipulator/.cache/pip/wheels/30/45/32/a07726abc6c7eebddb31888dec02410b8f023dd3cb2e176f89
Successfully built PyGObject
Installing collected packages: PyQt5-Qt5, altgraph, urllib3, typing-extensions, soupsieve, setuptools, PyQt5-sip, pycairo, packaging, idna, charset_normalizer, certifi, requests, PyQt5, pyinstaller-hooks-contrib, PyGObject, beautifulsoup4, pyinstaller

Successfully installed PyGObject-3.56.2 PyQt5-5.15.11 PyQt5-Qt5-5.15.18 PyQt5-sip-12.18.0 altgraph-0.17.5 beautifulsoup4-4.14.3 certifi-2026.4.22 charset_normalizer-3.4.7 idna-3.13 packaging-26.2 pycairo-1.29.0 pyinstaller-6.20.0 pyinstaller-hooks-contrib-2026.4 requests-2.33.1 setuptools-82.0.1 soupsieve-2.8.3 typing-extensions-4.15.0 urllib3-2.6.3
📝 Creating PyInstaller spec...
🔨 Building executable...
110 INFO: PyInstaller: 6.20.0, contrib hooks: 2026.4
111 INFO: Python: 3.14.2
113 INFO: Platform: Linux-6.18.18-1-MANJARO-x86_64-with-glibc2.43
113 INFO: Python environment: /home/manipulator/Documents/Projects/Apps/Linux_Apps/50_100/fetch_salah_time/venv_appimage
117 INFO: Module search paths (PYTHONPATH):
['/home/linuxbrew/.linuxbrew/opt/python@3.14/lib/python314.zip',
 '/home/linuxbrew/.linuxbrew/opt/python@3.14/lib/python3.14',
 '/home/linuxbrew/.linuxbrew/opt/python@3.14/lib/python3.14/lib-dynload',
 '/home/manipulator/Documents/Projects/Apps/Linux_Apps/50_100/fetch_salah_time/venv_appimage/lib/python3.14/site-packages',
 '/home/manipulator/Documents/Projects/Apps/Linux_Apps/50_100/fetch_salah_time']
398 INFO: Appending 'datas' from .spec
399 INFO: checking Analysis
399 INFO: Building Analysis because Analysis-00.toc is non existent
399 INFO: Looking for Python shared library...
412 INFO: Using Python shared library: /home/linuxbrew/.linuxbrew/lib/libpython3.14.so.1.0
412 INFO: Running Analysis Analysis-00.toc
412 INFO: Target bytecode optimization level: 0
413 INFO: Initializing module dependency graph...
417 INFO: Initializing module graph hook caches...
448 INFO: Analyzing modules for base_library.zip ...
3460 INFO: Processing standard module hook 'hook-encodings.py' from '/home/manipulator/Documents/Projects/Apps/Linux_Apps/50_100/fetch_salah_time/venv_appimage/lib/python3.14/site-packages/PyInstaller/hooks'
7426 INFO: Processing standard module hook 'hook-difflib.py' from '/home/manipulator/Documents/Projects/Apps/Linux_Apps/50_100/fetch_salah_time/venv_appimage/lib/python3.14/site-packages/PyInstaller/hooks'
7488 INFO: Processing standard module hook 'hook-heapq.py' from '/home/manipulator/Documents/Projects/Apps/Linux_Apps/50_100/fetch_salah_time/venv_appimage/lib/python3.14/site-packages/PyInstaller/hooks'
7765 INFO: Processing standard module hook 'hook-pickle.py' from '/home/manipulator/Documents/Projects/Apps/Linux_Apps/50_100/fetch_salah_time/venv_appimage/lib/python3.14/site-packages/PyInstaller/hooks'
11849 INFO: Caching module dependency graph...
11905 INFO: Analyzing /home/manipulator/Documents/Projects/Apps/Linux_Apps/50_100/fetch_salah_time/ultra_modern_salah.py
12196 INFO: Processing standard module hook 'hook-urllib3.py' from '/home/manipulator/Documents/Projects/Apps/Linux_Apps/50_100/fetch_salah_time/venv_appimage/lib/python3.14/site-packages/_pyinstaller_hooks_contrib/stdhooks'
12465 INFO: Processing pre-safe-import-module hook 'hook-backports.py' from '/home/manipulator/Documents/Projects/Apps/Linux_Apps/50_100/fetch_salah_time/venv_appimage/lib/python3.14/site-packages/PyInstaller/hooks/pre_safe_import_module'
12466 INFO: SetuptoolsInfo: initializing cached setuptools info...
13069 INFO: Setuptools: 'backports' appears to be a full setuptools-vendored copy - creating alias to 'setuptools._vendor.backports'!
13094 INFO: Processing standard module hook 'hook-setuptools.py' from '/home/manipulator/Documents/Projects/Apps/Linux_Apps/50_100/fetch_salah_time/venv_appimage/lib/python3.14/site-packages/PyInstaller/hooks'
13287 INFO: Processing standard module hook 'hook-platform.py' from '/home/manipulator/Documents/Projects/Apps/Linux_Apps/50_100/fetch_salah_time/venv_appimage/lib/python3.14/site-packages/PyInstaller/hooks'
13402 INFO: Processing standard module hook 'hook-sysconfig.py' from '/home/manipulator/Documents/Projects/Apps/Linux_Apps/50_100/fetch_salah_time/venv_appimage/lib/python3.14/site-packages/PyInstaller/hooks'
13413 INFO: Processing standard module hook 'hook-_ctypes.py' from '/home/manipulator/Documents/Projects/Apps/Linux_Apps/50_100/fetch_salah_time/venv_appimage/lib/python3.14/site-packages/PyInstaller/hooks'
13426 INFO: Processing pre-safe-import-module hook 'hook-distutils.py' from '/home/manipulator/Documents/Projects/Apps/Linux_Apps/50_100/fetch_salah_time/venv_appimage/lib/python3.14/site-packages/PyInstaller/hooks/pre_safe_import_module'
13506 INFO: Processing pre-safe-import-module hook 'hook-jaraco.py' from '/home/manipulator/Documents/Projects/Apps/Linux_Apps/50_100/fetch_salah_time/venv_appimage/lib/python3.14/site-packages/PyInstaller/hooks/pre_safe_import_module'
13506 INFO: Setuptools: 'jaraco' appears to be a full setuptools-vendored copy - creating alias to 'setuptools._vendor.jaraco'!
13537 INFO: Processing pre-safe-import-module hook 'hook-more_itertools.py' from '/home/manipulator/Documents/Projects/Apps/Linux_Apps/50_100/fetch_salah_time/venv_appimage/lib/python3.14/site-packages/PyInstaller/hooks/pre_safe_import_module'
13537 INFO: Setuptools: 'more_itertools' appears to be a setuptools-vendored copy - creating alias to 'setuptools._vendor.more_itertools'!
13994 INFO: Processing pre-safe-import-module hook 'hook-typing_extensions.py' from '/home/manipulator/Documents/Projects/Apps/Linux_Apps/50_100/fetch_salah_time/venv_appimage/lib/python3.14/site-packages/PyInstaller/hooks/pre_safe_import_module'
15027 INFO: Processing standard module hook 'hook-multiprocessing.util.py' from '/home/manipulator/Documents/Projects/Apps/Linux_Apps/50_100/fetch_salah_time/venv_appimage/lib/python3.14/site-packages/PyInstaller/hooks'
15267 INFO: Processing standard module hook 'hook-xml.py' from '/home/manipulator/Documents/Projects/Apps/Linux_Apps/50_100/fetch_salah_time/venv_appimage/lib/python3.14/site-packages/PyInstaller/hooks'
17435 INFO: Processing pre-safe-import-module hook 'hook-packaging.py' from '/home/manipulator/Documents/Projects/Apps/Linux_Apps/50_100/fetch_salah_time/venv_appimage/lib/python3.14/site-packages/PyInstaller/hooks/pre_safe_import_module'
18059 INFO: Processing standard module hook 'hook-setuptools._vendor.jaraco.text.py' from '/home/manipulator/Documents/Projects/Apps/Linux_Apps/50_100/fetch_salah_time/venv_appimage/lib/python3.14/site-packages/PyInstaller/hooks'
18061 INFO: Processing pre-safe-import-module hook 'hook-importlib_resources.py' from '/home/manipulator/Documents/Projects/Apps/Linux_Apps/50_100/fetch_salah_time/venv_appimage/lib/python3.14/site-packages/PyInstaller/hooks/pre_safe_import_module'
18668 INFO: Processing pre-safe-import-module hook 'hook-importlib_metadata.py' from '/home/manipulator/Documents/Projects/Apps/Linux_Apps/50_100/fetch_salah_time/venv_appimage/lib/python3.14/site-packages/PyInstaller/hooks/pre_safe_import_module'
18668 INFO: Setuptools: 'importlib_metadata' appears to be a setuptools-vendored copy - creating alias to 'setuptools._vendor.importlib_metadata'!
18746 INFO: Processing standard module hook 'hook-setuptools._vendor.importlib_metadata.py' from '/home/manipulator/Documents/Projects/Apps/Linux_Apps/50_100/fetch_salah_time/venv_appimage/lib/python3.14/site-packages/PyInstaller/hooks'
18807 INFO: Processing pre-safe-import-module hook 'hook-zipp.py' from '/home/manipulator/Documents/Projects/Apps/Linux_Apps/50_100/fetch_salah_time/venv_appimage/lib/python3.14/site-packages/PyInstaller/hooks/pre_safe_import_module'
18808 INFO: Setuptools: 'zipp' appears to be a setuptools-vendored copy - creating alias to 'setuptools._vendor.zipp'!
19867 INFO: Processing pre-safe-import-module hook 'hook-tomli.py' from '/home/manipulator/Documents/Projects/Apps/Linux_Apps/50_100/fetch_salah_time/venv_appimage/lib/python3.14/site-packages/PyInstaller/hooks/pre_safe_import_module'
19867 INFO: Setuptools: 'tomli' appears to be a setuptools-vendored copy - creating alias to 'setuptools._vendor.tomli'!
21352 INFO: Processing pre-safe-import-module hook 'hook-wheel.py' from '/home/manipulator/Documents/Projects/Apps/Linux_Apps/50_100/fetch_salah_time/venv_appimage/lib/python3.14/site-packages/PyInstaller/hooks/pre_safe_import_module'
21352 INFO: Setuptools: 'wheel' appears to be a setuptools-vendored copy - creating alias to 'setuptools._vendor.wheel'!
22626 INFO: Processing standard module hook 'hook-charset_normalizer.py' from '/home/manipulator/Documents/Projects/Apps/Linux_Apps/50_100/fetch_salah_time/venv_appimage/lib/python3.14/site-packages/_pyinstaller_hooks_contrib/stdhooks'
23066 INFO: Processing standard module hook 'hook-certifi.py' from '/home/manipulator/Documents/Projects/Apps/Linux_Apps/50_100/fetch_salah_time/venv_appimage/lib/python3.14/site-packages/_pyinstaller_hooks_contrib/stdhooks'
23312 INFO: Processing standard module hook 'hook-sqlite3.py' from '/home/manipulator/Documents/Projects/Apps/Linux_Apps/50_100/fetch_salah_time/venv_appimage/lib/python3.14/site-packages/PyInstaller/hooks'
28198 INFO: Processing standard module hook 'hook-PyQt5.QtWidgets.py' from '/home/manipulator/Documents/Projects/Apps/Linux_Apps/50_100/fetch_salah_time/venv_appimage/lib/python3.14/site-packages/PyInstaller/hooks'
28450 INFO: Processing standard module hook 'hook-PyQt5.py' from '/home/manipulator/Documents/Projects/Apps/Linux_Apps/50_100/fetch_salah_time/venv_appimage/lib/python3.14/site-packages/PyInstaller/hooks'
31074 INFO: Processing standard module hook 'hook-PyQt5.QtCore.py' from '/home/manipulator/Documents/Projects/Apps/Linux_Apps/50_100/fetch_salah_time/venv_appimage/lib/python3.14/site-packages/PyInstaller/hooks'
34486 INFO: Processing standard module hook 'hook-PyQt5.QtGui.py' from '/home/manipulator/Documents/Projects/Apps/Linux_Apps/50_100/fetch_salah_time/venv_appimage/lib/python3.14/site-packages/PyInstaller/hooks'
36195 INFO: Processing pre-safe-import-module hook 'hook-gi.py' from '/home/manipulator/Documents/Projects/Apps/Linux_Apps/50_100/fetch_salah_time/venv_appimage/lib/python3.14/site-packages/PyInstaller/hooks/pre_safe_import_module'
36461 INFO: Processing standard module hook 'hook-gi.py' from '/home/manipulator/Documents/Projects/Apps/Linux_Apps/50_100/fetch_salah_time/venv_appimage/lib/python3.14/site-packages/PyInstaller/hooks'
36617 INFO: Processing pre-safe-import-module hook 'hook-gi.overrides.py' from '/home/manipulator/Documents/Projects/Apps/Linux_Apps/50_100/fetch_salah_time/venv_appimage/lib/python3.14/site-packages/PyInstaller/hooks/pre_safe_import_module'
36890 INFO: Processing pre-safe-import-module hook 'hook-gi.repository.Gtk.py' from '/home/manipulator/Documents/Projects/Apps/Linux_Apps/50_100/fetch_salah_time/venv_appimage/lib/python3.14/site-packages/PyInstaller/hooks/pre_safe_import_module'
36890 INFO: Processing standard module hook 'hook-gi.repository.Gtk.py' from '/home/manipulator/Documents/Projects/Apps/Linux_Apps/50_100/fetch_salah_time/venv_appimage/lib/python3.14/site-packages/PyInstaller/hooks'
36891 INFO: Processing pre-safe-import-module hook 'hook-gi.repository.AyatanaAppIndicator3.py' from '/home/manipulator/Documents/Projects/Apps/Linux_Apps/50_100/fetch_salah_time/venv_appimage/lib/python3.14/site-packages/PyInstaller/hooks/pre_safe_import_module'
36891 INFO: Processing standard module hook 'hook-gi.repository.AyatanaAppIndicator3.py' from '/home/manipulator/Documents/Projects/Apps/Linux_Apps/50_100/fetch_salah_time/venv_appimage/lib/python3.14/site-packages/PyInstaller/hooks'
37858 INFO: Analyzing hidden import 'PyQt5.QtPrintSupport'
37999 INFO: Processing standard module hook 'hook-PyQt5.QtPrintSupport.py' from '/home/manipulator/Documents/Projects/Apps/Linux_Apps/50_100/fetch_salah_time/venv_appimage/lib/python3.14/site-packages/PyInstaller/hooks'
38227 INFO: Analyzing hidden import 'gi.repository.GLib'
38227 INFO: Processing pre-safe-import-module hook 'hook-gi.repository.GLib.py' from '/home/manipulator/Documents/Projects/Apps/Linux_Apps/50_100/fetch_salah_time/venv_appimage/lib/python3.14/site-packages/PyInstaller/hooks/pre_safe_import_module'
38228 INFO: Analyzing hidden import 'gi.repository.GObject'
38228 INFO: Processing pre-safe-import-module hook 'hook-gi.repository.GObject.py' from '/home/manipulator/Documents/Projects/Apps/Linux_Apps/50_100/fetch_salah_time/venv_appimage/lib/python3.14/site-packages/PyInstaller/hooks/pre_safe_import_module'
38229 INFO: Processing module hooks (post-graph stage)...
38233 WARNING: Hidden import "sip" not found!
38298 WARNING: Hidden import "gi._option" not found!
38306 INFO: Processing standard module hook 'hook-gi.repository.GLib.py' from '/home/manipulator/Documents/Projects/Apps/Linux_Apps/50_100/fetch_salah_time/venv_appimage/lib/python3.14/site-packages/PyInstaller/hooks'
41626 INFO: Processing pre-safe-import-module hook 'hook-gi.repository.GLibUnix.py' from '/home/manipulator/Documents/Projects/Apps/Linux_Apps/50_100/fetch_salah_time/venv_appimage/lib/python3.14/site-packages/PyInstaller/hooks/pre_safe_import_module'
41627 INFO: Processing standard module hook 'hook-gi.repository.GLibUnix.py' from '/home/manipulator/Documents/Projects/Apps/Linux_Apps/50_100/fetch_salah_time/venv_appimage/lib/python3.14/site-packages/PyInstaller/hooks'
42606 INFO: Processing standard module hook 'hook-gi.repository.GObject.py' from '/home/manipulator/Documents/Projects/Apps/Linux_Apps/50_100/fetch_salah_time/venv_appimage/lib/python3.14/site-packages/PyInstaller/hooks'
43451 INFO: Processing standard module hook 'hook-gi.repository.Gtk.py' from '/home/manipulator/Documents/Projects/Apps/Linux_Apps/50_100/fetch_salah_time/venv_appimage/lib/python3.14/site-packages/PyInstaller/hooks'
62585 INFO: Processing pre-safe-import-module hook 'hook-gi.repository.Gio.py' from '/home/manipulator/Documents/Projects/Apps/Linux_Apps/50_100/fetch_salah_time/venv_appimage/lib/python3.14/site-packages/PyInstaller/hooks/pre_safe_import_module'
62585 INFO: Processing standard module hook 'hook-gi.repository.Gio.py' from '/home/manipulator/Documents/Projects/Apps/Linux_Apps/50_100/fetch_salah_time/venv_appimage/lib/python3.14/site-packages/PyInstaller/hooks'
63277 INFO: Processing pre-safe-import-module hook 'hook-gi.repository.xlib.py' from '/home/manipulator/Documents/Projects/Apps/Linux_Apps/50_100/fetch_salah_time/venv_appimage/lib/python3.14/site-packages/PyInstaller/hooks/pre_safe_import_module'
63278 INFO: Processing pre-safe-import-module hook 'hook-gi.repository.Gdk.py' from '/home/manipulator/Documents/Projects/Apps/Linux_Apps/50_100/fetch_salah_time/venv_appimage/lib/python3.14/site-packages/PyInstaller/hooks/pre_safe_import_module'
63278 INFO: Processing pre-safe-import-module hook 'hook-gi.repository.Atk.py' from '/home/manipulator/Documents/Projects/Apps/Linux_Apps/50_100/fetch_salah_time/venv_appimage/lib/python3.14/site-packages/PyInstaller/hooks/pre_safe_import_module'
63289 INFO: Processing standard module hook 'hook-gi.repository.xlib.py' from '/home/manipulator/Documents/Projects/Apps/Linux_Apps/50_100/fetch_salah_time/venv_appimage/lib/python3.14/site-packages/PyInstaller/hooks'
66546 INFO: Processing standard module hook 'hook-gi.repository.Atk.py' from '/home/manipulator/Documents/Projects/Apps/Linux_Apps/50_100/fetch_salah_time/venv_appimage/lib/python3.14/site-packages/PyInstaller/hooks'
67246 INFO: Processing standard module hook 'hook-gi.repository.Gdk.py' from '/home/manipulator/Documents/Projects/Apps/Linux_Apps/50_100/fetch_salah_time/venv_appimage/lib/python3.14/site-packages/PyInstaller/hooks'
68227 INFO: Processing pre-safe-import-module hook 'hook-gi.repository.cairo.py' from '/home/manipulator/Documents/Projects/Apps/Linux_Apps/50_100/fetch_salah_time/venv_appimage/lib/python3.14/site-packages/PyInstaller/hooks/pre_safe_import_module'
68228 INFO: Processing standard module hook 'hook-gi.repository.cairo.py' from '/home/manipulator/Documents/Projects/Apps/Linux_Apps/50_100/fetch_salah_time/venv_appimage/lib/python3.14/site-packages/PyInstaller/hooks'
68985 INFO: Processing pre-safe-import-module hook 'hook-gi.repository.Pango.py' from '/home/manipulator/Documents/Projects/Apps/Linux_Apps/50_100/fetch_salah_time/venv_appimage/lib/python3.14/site-packages/PyInstaller/hooks/pre_safe_import_module'
68985 INFO: Processing pre-safe-import-module hook 'hook-gi.repository.GdkPixbuf.py' from '/home/manipulator/Documents/Projects/Apps/Linux_Apps/50_100/fetch_salah_time/venv_appimage/lib/python3.14/site-packages/PyInstaller/hooks/pre_safe_import_module'
68986 INFO: Processing standard module hook 'hook-gi.repository.GdkPixbuf.py' from '/home/manipulator/Documents/Projects/Apps/Linux_Apps/50_100/fetch_salah_time/venv_appimage/lib/python3.14/site-packages/PyInstaller/hooks'
/snap/core20/current/lib/x86_64-linux-gnu/libm.so.6: version `GLIBC_2.38' not found (required by /usr/lib/libduktape.so.207)
Failed to load module: /home/manipulator/snap/code/common/.cache/gio-modules/libgiolibproxy.so
g_module_open() failed for /snap/code/234/usr/lib/x86_64-linux-gnu/gdk-pixbuf-2.0/2.10.0/loaders/libpixbufloader-ani.so: /snap/core20/current/lib/x86_64-linux-gnu/libpthread.so.0: undefined symbol: __libc_siglongjmp, version GLIBC_PRIVATE
g_module_open() failed for /snap/code/234/usr/lib/x86_64-linux-gnu/gdk-pixbuf-2.0/2.10.0/loaders/libpixbufloader-bmp.so: /snap/core20/current/lib/x86_64-linux-gnu/libpthread.so.0: undefined symbol: __libc_siglongjmp, version GLIBC_PRIVATE
g_module_open() failed for /snap/code/234/usr/lib/x86_64-linux-gnu/gdk-pixbuf-2.0/2.10.0/loaders/libpixbufloader-gif.so: /snap/core20/current/lib/x86_64-linux-gnu/libpthread.so.0: undefined symbol: __libc_siglongjmp, version GLIBC_PRIVATE
g_module_open() failed for /snap/code/234/usr/lib/x86_64-linux-gnu/gdk-pixbuf-2.0/2.10.0/loaders/libpixbufloader-icns.so: /snap/core20/current/lib/x86_64-linux-gnu/libpthread.so.0: undefined symbol: __libc_siglongjmp, version GLIBC_PRIVATE
g_module_open() failed for /snap/code/234/usr/lib/x86_64-linux-gnu/gdk-pixbuf-2.0/2.10.0/loaders/libpixbufloader-ico.so: /snap/core20/current/lib/x86_64-linux-gnu/libpthread.so.0: undefined symbol: __libc_siglongjmp, version GLIBC_PRIVATE
g_module_open() failed for /snap/code/234/usr/lib/x86_64-linux-gnu/gdk-pixbuf-2.0/2.10.0/loaders/libpixbufloader-jpeg.so: /snap/core20/current/lib/x86_64-linux-gnu/libpthread.so.0: undefined symbol: __libc_siglongjmp, version GLIBC_PRIVATE
g_module_open() failed for /snap/code/234/usr/lib/x86_64-linux-gnu/gdk-pixbuf-2.0/2.10.0/loaders/libpixbufloader-png.so: /snap/core20/current/lib/x86_64-linux-gnu/libpthread.so.0: undefined symbol: __libc_siglongjmp, version GLIBC_PRIVATE
g_module_open() failed for /snap/code/234/usr/lib/x86_64-linux-gnu/gdk-pixbuf-2.0/2.10.0/loaders/libpixbufloader-pnm.so: /snap/core20/current/lib/x86_64-linux-gnu/libpthread.so.0: undefined symbol: __libc_siglongjmp, version GLIBC_PRIVATE
g_module_open() failed for /snap/code/234/usr/lib/x86_64-linux-gnu/gdk-pixbuf-2.0/2.10.0/loaders/libpixbufloader-qtif.so: /snap/core20/current/lib/x86_64-linux-gnu/libpthread.so.0: undefined symbol: __libc_siglongjmp, version GLIBC_PRIVATE
g_module_open() failed for /snap/code/234/usr/lib/x86_64-linux-gnu/gdk-pixbuf-2.0/2.10.0/loaders/libpixbufloader-svg.so: /snap/core20/current/lib/x86_64-linux-gnu/libdl.so.2: undefined symbol: _dl_catch_error, version GLIBC_PRIVATE
g_module_open() failed for /snap/code/234/usr/lib/x86_64-linux-gnu/gdk-pixbuf-2.0/2.10.0/loaders/libpixbufloader-tga.so: /snap/core20/current/lib/x86_64-linux-gnu/libpthread.so.0: undefined symbol: __libc_siglongjmp, version GLIBC_PRIVATE
g_module_open() failed for /snap/code/234/usr/lib/x86_64-linux-gnu/gdk-pixbuf-2.0/2.10.0/loaders/libpixbufloader-tiff.so: /snap/core20/current/lib/x86_64-linux-gnu/libpthread.so.0: undefined symbol: __libc_siglongjmp, version GLIBC_PRIVATE
g_module_open() failed for /snap/code/234/usr/lib/x86_64-linux-gnu/gdk-pixbuf-2.0/2.10.0/loaders/libpixbufloader-xbm.so: /snap/core20/current/lib/x86_64-linux-gnu/libpthread.so.0: undefined symbol: __libc_siglongjmp, version GLIBC_PRIVATE
g_module_open() failed for /snap/code/234/usr/lib/x86_64-linux-gnu/gdk-pixbuf-2.0/2.10.0/loaders/libpixbufloader-xpm.so: /snap/core20/current/lib/x86_64-linux-gnu/libpthread.so.0: undefined symbol: __libc_siglongjmp, version GLIBC_PRIVATE
70019 INFO: Processing pre-safe-import-module hook 'hook-gi.repository.GModule.py' from '/home/manipulator/Documents/Projects/Apps/Linux_Apps/50_100/fetch_salah_time/venv_appimage/lib/python3.14/site-packages/PyInstaller/hooks/pre_safe_import_module'
70074 INFO: Processing pre-safe-import-module hook 'hook-gi.repository.GioUnix.py' from '/home/manipulator/Documents/Projects/Apps/Linux_Apps/50_100/fetch_salah_time/venv_appimage/lib/python3.14/site-packages/PyInstaller/hooks/pre_safe_import_module'
70074 INFO: Processing standard module hook 'hook-gi.repository.GioUnix.py' from '/home/manipulator/Documents/Projects/Apps/Linux_Apps/50_100/fetch_salah_time/venv_appimage/lib/python3.14/site-packages/PyInstaller/hooks'
70832 INFO: Processing standard module hook 'hook-gi.repository.Pango.py' from '/home/manipulator/Documents/Projects/Apps/Linux_Apps/50_100/fetch_salah_time/venv_appimage/lib/python3.14/site-packages/PyInstaller/hooks'
71617 INFO: Processing pre-safe-import-module hook 'hook-gi.repository.HarfBuzz.py' from '/home/manipulator/Documents/Projects/Apps/Linux_Apps/50_100/fetch_salah_time/venv_appimage/lib/python3.14/site-packages/PyInstaller/hooks/pre_safe_import_module'
71620 INFO: Processing standard module hook 'hook-gi.repository.GModule.py' from '/home/manipulator/Documents/Projects/Apps/Linux_Apps/50_100/fetch_salah_time/venv_appimage/lib/python3.14/site-packages/PyInstaller/hooks'
72470 INFO: Processing standard module hook 'hook-gi.repository.HarfBuzz.py' from '/home/manipulator/Documents/Projects/Apps/Linux_Apps/50_100/fetch_salah_time/venv_appimage/lib/python3.14/site-packages/PyInstaller/hooks'
73621 INFO: Processing pre-safe-import-module hook 'hook-gi.repository.freetype2.py' from '/home/manipulator/Documents/Projects/Apps/Linux_Apps/50_100/fetch_salah_time/venv_appimage/lib/python3.14/site-packages/PyInstaller/hooks/pre_safe_import_module'
73622 INFO: Processing standard module hook 'hook-gi.repository.freetype2.py' from '/home/manipulator/Documents/Projects/Apps/Linux_Apps/50_100/fetch_salah_time/venv_appimage/lib/python3.14/site-packages/PyInstaller/hooks'
77100 INFO: Performing binary vs. data reclassification (159961 entries)
93882 INFO: Looking for ctypes DLLs
94154 INFO: Analyzing run-time hooks ...
94159 INFO: Including run-time hook 'pyi_rth_inspect.py' from '/home/manipulator/Documents/Projects/Apps/Linux_Apps/50_100/fetch_salah_time/venv_appimage/lib/python3.14/site-packages/PyInstaller/hooks/rthooks'
94166 INFO: Including run-time hook 'pyi_rth_pkgutil.py' from '/home/manipulator/Documents/Projects/Apps/Linux_Apps/50_100/fetch_salah_time/venv_appimage/lib/python3.14/site-packages/PyInstaller/hooks/rthooks'
94171 INFO: Including run-time hook 'pyi_rth_glib.py' from '/home/manipulator/Documents/Projects/Apps/Linux_Apps/50_100/fetch_salah_time/venv_appimage/lib/python3.14/site-packages/PyInstaller/hooks/rthooks'
94174 INFO: Including run-time hook 'pyi_rth_multiprocessing.py' from '/home/manipulator/Documents/Projects/Apps/Linux_Apps/50_100/fetch_salah_time/venv_appimage/lib/python3.14/site-packages/PyInstaller/hooks/rthooks'
94181 INFO: Including run-time hook 'pyi_rth_pyqt5.py' from '/home/manipulator/Documents/Projects/Apps/Linux_Apps/50_100/fetch_salah_time/venv_appimage/lib/python3.14/site-packages/PyInstaller/hooks/rthooks'
94187 INFO: Processing pre-find-module-path hook 'hook-_pyi_rth_utils.py' from '/home/manipulator/Documents/Projects/Apps/Linux_Apps/50_100/fetch_salah_time/venv_appimage/lib/python3.14/site-packages/PyInstaller/hooks/pre_find_module_path'
94191 INFO: Processing standard module hook 'hook-_pyi_rth_utils.py' from '/home/manipulator/Documents/Projects/Apps/Linux_Apps/50_100/fetch_salah_time/venv_appimage/lib/python3.14/site-packages/PyInstaller/hooks'
94199 INFO: Including run-time hook 'pyi_rth_gtk.py' from '/home/manipulator/Documents/Projects/Apps/Linux_Apps/50_100/fetch_salah_time/venv_appimage/lib/python3.14/site-packages/PyInstaller/hooks/rthooks'
94201 INFO: Including run-time hook 'pyi_rth_gdkpixbuf.py' from '/home/manipulator/Documents/Projects/Apps/Linux_Apps/50_100/fetch_salah_time/venv_appimage/lib/python3.14/site-packages/PyInstaller/hooks/rthooks'
94206 INFO: Including run-time hook 'pyi_rth_gio.py' from '/home/manipulator/Documents/Projects/Apps/Linux_Apps/50_100/fetch_salah_time/venv_appimage/lib/python3.14/site-packages/PyInstaller/hooks/rthooks'
94208 INFO: Including run-time hook 'pyi_rth_gi.py' from '/home/manipulator/Documents/Projects/Apps/Linux_Apps/50_100/fetch_salah_time/venv_appimage/lib/python3.14/site-packages/PyInstaller/hooks/rthooks'
94210 INFO: Including run-time hook 'pyi_rth_setuptools.py' from '/home/manipulator/Documents/Projects/Apps/Linux_Apps/50_100/fetch_salah_time/venv_appimage/lib/python3.14/site-packages/PyInstaller/hooks/rthooks'
99340 INFO: Compiling collected GLib schema files in '/home/manipulator/Documents/Projects/Apps/Linux_Apps/50_100/fetch_salah_time/build/salah_times_updated/_pyi_gschema_compilation'...
102358 INFO: Creating base_library.zip...
102404 INFO: Looking for dynamic libraries
120018 INFO: Warnings written to /home/manipulator/Documents/Projects/Apps/Linux_Apps/50_100/fetch_salah_time/build/salah_times_updated/warn-salah_times_updated.txt
120085 INFO: Graph cross-reference written to /home/manipulator/Documents/Projects/Apps/Linux_Apps/50_100/fetch_salah_time/build/salah_times_updated/xref-salah_times_updated.html
123949 INFO: checking PYZ
123949 INFO: Building PYZ because PYZ-00.toc is non existent
123949 INFO: Building PYZ (ZlibArchive) /home/manipulator/Documents/Projects/Apps/Linux_Apps/50_100/fetch_salah_time/build/salah_times_updated/PYZ-00.pyz
124914 INFO: Building PYZ (ZlibArchive) /home/manipulator/Documents/Projects/Apps/Linux_Apps/50_100/fetch_salah_time/build/salah_times_updated/PYZ-00.pyz completed successfully.
129902 INFO: checking PKG
129902 INFO: Building PKG because PKG-00.toc is non existent
129902 INFO: Building PKG (CArchive) SalahTimes.pkg
225332 INFO: Building PKG (CArchive) SalahTimes.pkg completed successfully.
229029 INFO: Bootloader /home/manipulator/Documents/Projects/Apps/Linux_Apps/50_100/fetch_salah_time/venv_appimage/lib/python3.14/site-packages/PyInstaller/bootloader/Linux-64bit-intel/run
229029 INFO: checking EXE
229029 INFO: Building EXE because EXE-00.toc is non existent
229029 INFO: Building EXE from EXE-00.toc
229029 INFO: Copying bootloader EXE to /home/manipulator/Documents/Projects/Apps/Linux_Apps/50_100/fetch_salah_time/dist/SalahTimes
229029 INFO: Appending PKG archive to custom ELF section in EXE
229802 INFO: Building EXE from EXE-00.toc completed successfully.
233624 INFO: Build complete! The results are available in: /home/manipulator/Documents/Projects/Apps/Linux_Apps/50_100/fetch_salah_time/dist
✅ Executable built successfully
📥 Downloading AppImage tools...
📁 Creating AppDir structure...
📦 Bundling GObject typelibs...
  ✓ AyatanaAppIndicator3-0.1
  ✓ Gtk-3.0
  ✓ GLib-2.0
  ✓ GObject-2.0
  ✓ Gio-2.0
  ✓ GLibUnix-2.0
📦 Bundling libayatana-appindicator3...
  ✓ libayatana-appindicator3
📋 Creating desktop file...
🏃 Creating AppRun...
🎨 Creating icon...
cp: 'SalahTimes.AppDir/salah-times.svg' and 'SalahTimes.AppDir/salah-times.svg' are the same file
📦 Building AppImage...
appimagetool, continuous build (commit 5735cc5), build <local dev build> built on 2023-03-08 22:52:04 UTC
/home/manipulator/Documents/Projects/Apps/Linux_Apps/50_100/fetch_salah_time/SalahTimes.AppDir/salah-times.desktop: hint: value "Utility;Office;" for key "Categories" in group "Desktop Entry" contains more than one main category; application might appear more than once in the application menu
Using architecture x86_64
Deleting pre-existing .DirIcon
Creating .DirIcon symlink based on information from desktop file
WARNING: AppStream upstream metadata is missing, please consider creating it
         in usr/share/metainfo/salah-times.appdata.xml
         Please see https://www.freedesktop.org/software/appstream/docs/chap-Quickstart.html#sect-Quickstart-DesktopApps
         for more information or use the generator at http://output.jsbin.com/qoqukof.
Generating squashfs...
Parallel mksquashfs: Using 8 processors
Creating 4.0 filesystem on SalahTimes-x86_64.AppImage, block size 131072.
[===================================================/          ] 1300/1538  84%[=============================================================|] 1538/1538 100%

Exportable Squashfs 4.0 filesystem, gzip compressed, data block size 131072
	compressed data, compressed metadata, compressed fragments,
	compressed xattrs, compressed ids
	duplicates are removed
Filesystem size 179675.21 Kbytes (175.46 Mbytes)
	91.85% of uncompressed filesystem size (195622.26 Kbytes)
Inode table size 3313 bytes (3.24 Kbytes)
	47.09% of uncompressed inode table size (7035 bytes)
Directory table size 391 bytes (0.38 Kbytes)
	55.46% of uncompressed directory table size (705 bytes)
Number of duplicate files found 2
Number of inodes 27
Number of files 13
Number of fragments 2
Number of symbolic links  3
Number of device nodes 0
Number of fifo nodes 0
Number of socket nodes 0
Number of directories 11
Number of ids (unique uids + gids) 1
Number of uids 1
	root (0)
Number of gids 1
	root (0)
Embedding ELF...
Marking the AppImage as executable...
Embedding MD5 digest
Success

Please consider submitting your AppImage to AppImageHub, the crowd-sourced
central directory of available AppImages, by opening a pull request
at https://github.com/AppImage/appimage.github.io
/home/manipulator/Documents/Projects/Apps/Linux_Apps/50_100/fetch_salah_time/SalahTimes.AppDir should be packaged as SalahTimes-x86_64.AppImage
🎉 AppImage created successfully!
📄 File: SalahTimes-x86_64.AppImage
📏 Size: 176M

🚀 To run: ./SalahTimes-x86_64.AppImage
📦 To install: chmod +x SalahTimes-x86_64.AppImage && ./SalahTimes-x86_64.AppImage

✨ Features included:
   📅 Monthly Calendar View
   📋 Weekly Schedule View
   🌍 Multiple Timezone View
   🕌 43 Moroccan Cities
   🌐 3 Languages (EN/AR/FR)
🧹 Cleaning up...
✅ Build complete!
